
> backend@1.0.0 test
> jest --passWithNoTests tests/services/AuthService.test.js

  console.log
    [dotenv@17.2.3] injecting env (19) from .env -- tip: Γ£à audit secrets and track compliance: https://dotenvx.com/ops

      at _log (node_modules/dotenv/lib/main.js:142:11)

  console.error
    Lß╗ùi gß╗¡i email OTP: Email service down

    [0m [90m 50 |[39m
     [90m 51 |[39m         emailService[33m.[39msendOtpEmail(email[33m,[39m otpCode[33m,[39m full_name)
    [31m[1m>[22m[39m[90m 52 |[39m             [33m.[39m[36mcatch[39m(err [33m=>[39m console[33m.[39merror([32m'Lß╗ùi gß╗¡i email OTP:'[39m[33m,[39m err[33m.[39mmessage))[33m;[39m
     [90m    |[39m                                   [31m[1m^[22m[39m
     [90m 53 |[39m
     [90m 54 |[39m         [36mreturn[39m {
     [90m 55 |[39m             userId[33m:[39m user[33m.[39muserId[33m,[39m[0m

      at error (src/services/AuthService.js:52:35)

  console.error
    Lß╗ùi gß╗¡i email OTP qu├¬n mß║¡t khß║⌐u: Email service down

    [0m [90m 127 |[39m
     [90m 128 |[39m         emailService[33m.[39msendForgotPasswordOtp(email[33m,[39m otpCode[33m,[39m user[33m.[39mfullName)
    [31m[1m>[22m[39m[90m 129 |[39m             [33m.[39m[36mcatch[39m(err [33m=>[39m console[33m.[39merror([32m'Lß╗ùi gß╗¡i email OTP qu├¬n mß║¡t khß║⌐u:'[39m[33m,[39m err[33m.[39mmessage))[33m;[39m
     [90m     |[39m                                   [31m[1m^[22m[39m
     [90m 130 |[39m
     [90m 131 |[39m         [36mreturn[39m {
     [90m 132 |[39m             email[33m:[39m user[33m.[39memail[0m

      at error (src/services/AuthService.js:129:35)

node.exe : FAIL tests/services/AuthService.test.js
At line:1 char:1
+ & "C:\Program Files\nodejs/node.exe" 
"C:\Program Files\nodejs/node_mo ...
+ ~~~~~~~~~~~~~~~~~~~~~~~~~~~~~~~~~~~~~~~~~~~~~~~~
~~~~~~~~~~~~~~~~~~~~~
    + CategoryInfo          : NotSpecified: (FAIL 
    tests/services/AuthService.test.js:String) [  
  ], RemoteException
    + FullyQualifiedErrorId : NativeCommandError
 
  AuthService
    register
      ΓêÜ should successfully register a new user 
(4 ms)
      ΓêÜ should throw error when email already 
exists (18 ms)
      ΓêÜ should throw 409 status when email 
already exists (1 ms)
      ΓêÜ should throw error when role does not 
exist
      ΓêÜ should throw 400 status when role is 
invalid
      ΓêÜ should hash password with bcrypt cost 
14 (1 ms)
      ΓêÜ should create user with Inactive status 
(1 ms)
      ΓêÜ should send OTP email asynchronously (1 
ms)
      ΓêÜ should not fail if email sending fails 
(9 ms)
    login
      ΓêÜ should successfully login with valid 
credentials (2 ms)
      ΓêÜ should throw 401 error when user does 
not exist (1 ms)
      ΓêÜ should throw 401 error when password is 
incorrect
      ΓêÜ should throw 403 error when account is 
banned
      ΓêÜ should throw 403 error when account is 
not verified
      ΓêÜ should return correct role name for 
Employer (1 ms)
      ΓêÜ should return correct role name for 
Admin
      ΓêÜ should use O(1) complexity for email 
lookup (3 ms)
    forgotPassword
      ΓêÜ should successfully send OTP for forgot 
password (1 ms)
      ΓêÜ should throw 404 error when email does 
not exist (1 ms)
      ΓêÜ should create OTP with type 
ForgotPassword (1 ms)
      ΓêÜ should send email asynchronously (1 ms)
      ΓêÜ should not fail if email sending fails 
(5 ms)
      ΓêÜ should use O(1) complexity for email 
lookup (1 ms)
    refreshToken
      ΓêÜ should return new access token when 
refresh token is valid (1 ms)
      ΓêÜ should throw error when refresh token 
is invalid (1 ms)
      ├ù should throw error when user not found 
(5 ms)
    logout
      ΓêÜ should return true when logout is 
successful (1 ms)
      ΓêÜ should return true even if token check 
fails (1 ms)

  ΓùÅ AuthService ΓÇ║ refreshToken ΓÇ║ should 
throw error when user not found

    expect(received).toBe(expected) // Object.is 
equality

    Expected: "Ng╞░ß╗¥i d├╣ng kh├┤ng tß╗ôn tß║íi."
    Received: "Token kh├┤ng hß╗úp lß╗ç hoß║╖c 
─æ├ú hß║┐t hß║ín."

    [0m [90m 493 |[39m             } 
[36mcatch[39m (error) {
     [90m 494 |[39m                 expect(error
[33m.[39mstatus)[33m.[39mtoBe([33mHTTP_STATUS
[39m[33m.[39m[33mUNAUTHORIZED[39m)[33m;[39m
    [31m[1m>[22m[39m[90m 495 |[39m          
       expect(error[33m.[39mmessage)[33m.[39mt
oBe([33mMESSAGES[39m[33m.[39m[33mUSER_NOT_FOU
ND[39m)[33m;[39m
     [90m     |[39m                             
          [31m[1m^[22m[39m
     [90m 496 |[39m             }
     [90m 497 |[39m         })[33m;[39m
     [90m 498 |[39m     })[33m;[39m[0m

      at Object.toBe 
(tests/services/AuthService.test.js:495:39)

Test Suites: 1 failed, 1 total
Tests:       1 failed, 27 passed, 28 total
Snapshots:   0 total
Time:        0.643 s, estimated 1 s
Ran all test suites matching 
tests/services/AuthService.test.js.
